Component: ARM Compiler 5.06 update 6 (build 750) Tool: armlink [4d35ed]

==============================================================================

Section Cross References

    main.o(.text) refers to lb301.o(.text) for PS_GetImage
    main.o(.text) refers to delay.o(.text) for delay_ms
    main.o(.text) refers to printfa.o(i.__0printf) for __2printf
    main.o(.text) refers to motor.o(.text) for angle_control
    main.o(.text) refers to misc.o(.text) for NVIC_PriorityGroupConfig
    main.o(.text) refers to led.o(.text) for LED_Init
    main.o(.text) refers to beep.o(.text) for BEEP_Init
    main.o(.text) refers to pwm.o(.text) for FS_Init
    main.o(.text) refers to key.o(.text) for KEY_Init
    main.o(.text) refers to exti.o(.text) for EXTIX_Init
    main.o(.text) refers to dht11.o(.text) for DHT11_Init
    main.o(.text) refers to bh1750.o(.text) for BH1750_Init
    main.o(.text) refers to usart.o(.text) for Usart1_Init
    main.o(.text) refers to oled.o(.text) for OLED_Init
    main.o(.text) refers to timer.o(.text) for TIM2_Int_Init
    main.o(.text) refers to esp8266.o(.text) for ESP8266_Init
    main.o(.text) refers to onenet.o(.text) for OneNet_DevLink
    main.o(.text) refers to stm32f10x_gpio.o(.text) for GPIO_ReadInputDataBit
    main.o(.text) refers to f2d.o(.text) for __aeabi_f2d
    main.o(.text) refers to printfa.o(i.__0sprintf) for __2sprintf
    main.o(.text) refers to main.o(.data) for ID
    main.o(.text) refers to main.o(.bss) for LB301Para
    main.o(.text) refers to main.o(.conststring) for .conststring
    main.o(.text) refers to main.o(.constdata) for devPubTopic
    main.o(.data) refers to main.o(.conststring) for .conststring
    system_stm32f10x.o(.text) refers to system_stm32f10x.o(.data) for SystemCoreClock
    led.o(.text) refers to stm32f10x_rcc.o(.text) for RCC_APB2PeriphClockCmd
    led.o(.text) refers to stm32f10x_gpio.o(.text) for GPIO_Init
    dht11.o(.text) refers to delay.o(.text) for delay_ms
    dht11.o(.text) refers to stm32f10x_rcc.o(.text) for RCC_APB2PeriphClockCmd
    dht11.o(.text) refers to stm32f10x_gpio.o(.text) for GPIO_Init
    beep.o(.text) refers to stm32f10x_rcc.o(.text) for RCC_APB2PeriphClockCmd
    beep.o(.text) refers to stm32f10x_gpio.o(.text) for GPIO_Init
    bh1750.o(.text) refers to stm32f10x_rcc.o(.text) for RCC_APB2PeriphClockCmd
    bh1750.o(.text) refers to stm32f10x_gpio.o(.text) for GPIO_Init
    bh1750.o(.text) refers to ffltui.o(.text) for __aeabi_ui2f
    bh1750.o(.text) refers to fdiv.o(.text) for __aeabi_fdiv
    bh1750.o(.text) refers to fmul.o(.text) for __aeabi_fmul
    key.o(.text) refers to stm32f10x_rcc.o(.text) for RCC_APB2PeriphClockCmd
    key.o(.text) refers to stm32f10x_gpio.o(.text) for GPIO_PinRemapConfig
    key.o(.text) refers to delay.o(.text) for delay_ms
    key.o(.text) refers to key.o(.data) for key_up
    oled.o(.text) refers to stm32f10x_gpio.o(.text) for GPIO_SetBits
    oled.o(.text) refers to oled.o(.bss) for OLED_GRAM
    oled.o(.text) refers to strcpy.o(.text) for strcpy
    oled.o(.text) refers to rand.o(.text) for rand
    oled.o(.text) refers to delay.o(.text) for delay_ms
    oled.o(.text) refers to stm32f10x_rcc.o(.text) for RCC_APB2PeriphClockCmd
    oled.o(.text) refers to oled.o(.constdata) for asc2_1206
    oled.o(.text) refers to oled.o(.data) for line
    lb301.o(.text) refers to delay.o(.text) for delay_ms
    lb301.o(.text) refers to strstr.o(.text) for strstr
    lb301.o(.text) refers to memseta.o(.text) for __aeabi_memclr
    lb301.o(.text) refers to lb301.o(.data) for LB301Addr
    lb301.o(.text) refers to usart.o(.data) for USART3_RX_STA
    lb301.o(.text) refers to usart.o(.bss) for USART3_RX_BUF
    lb301.o(.text) refers to printfa.o(i.__0printf) for __2printf
    pwm.o(.text) refers to stm32f10x_rcc.o(.text) for RCC_APB2PeriphClockCmd
    pwm.o(.text) refers to stm32f10x_gpio.o(.text) for GPIO_Init
    motor.o(.text) refers to stm32f10x_rcc.o(.text) for RCC_APB2PeriphClockCmd
    motor.o(.text) refers to stm32f10x_gpio.o(.text) for GPIO_Init
    motor.o(.text) refers to delay.o(.text) for delay_us
    motor.o(.text) refers to ddiv.o(.text) for __aeabi_ddiv
    motor.o(.text) refers to dflti.o(.text) for __aeabi_i2d
    motor.o(.text) refers to cdcmple.o(.text) for __aeabi_cdcmple
    delay.o(.text) refers to misc.o(.text) for SysTick_CLKSourceConfig
    delay.o(.text) refers to system_stm32f10x.o(.data) for SystemCoreClock
    delay.o(.text) refers to delay.o(.data) for fac_us
    usart.o(.text) refers to stm32f10x_rcc.o(.text) for RCC_APB2PeriphClockCmd
    usart.o(.text) refers to stm32f10x_gpio.o(.text) for GPIO_Init
    usart.o(.text) refers to stm32f10x_usart.o(.text) for USART_Init
    usart.o(.text) refers to misc.o(.text) for NVIC_Init
    usart.o(.text) refers to timer.o(.text) for TIM4_Int_Init
    usart.o(.text) refers to stm32f10x_tim.o(.text) for TIM_Cmd
    usart.o(.text) refers to printfa.o(i.__0vsnprintf) for __c89vsnprintf
[...]
    .text                                    0x0800816c   Section       48  cdcmple.o(.text)
    .text                                    0x0800819c   Section       48  cdrcmple.o(.text)
    .text                                    0x080081cc   Section        0  uidiv.o(.text)
    .text                                    0x080081f8   Section        0  uldiv.o(.text)
    .text                                    0x0800825a   Section        0  llshl.o(.text)
    .text                                    0x08008278   Section        0  llushr.o(.text)
    .text                                    0x08008298   Section        0  llsshr.o(.text)
    .text                                    0x080082bc   Section        0  strtol.o(.text)
    .text                                    0x0800832c   Section        0  iusefp.o(.text)
    .text                                    0x0800832c   Section        0  fepilogue.o(.text)
    .text                                    0x0800839a   Section        0  depilogue.o(.text)
    .text                                    0x08008454   Section        0  dscalb.o(.text)
    .text                                    0x08008482   Section        0  dfixul.o(.text)
    .text                                    0x080084b4   Section       36  init.o(.text)
    .text                                    0x080084d8   Section        0  ctype_o.o(.text)
    .text                                    0x080084e0   Section        0  _strtoul.o(.text)
    .text                                    0x0800857e   Section        0  dsqrt.o(.text)
    .text                                    0x08008620   Section        0  _chval.o(.text)
    .text                                    0x0800863c   Section        0  __dczerorl2.o(.text)
    i.__0printf                              0x08008694   Section        0  printfa.o(i.__0printf)
    i.__0sprintf                             0x080086b4   Section        0  printfa.o(i.__0sprintf)
    i.__0vsnprintf                           0x080086dc   Section        0  printfa.o(i.__0vsnprintf)
    i.__0vsprintf                            0x08008708   Section        0  printfa.o(i.__0vsprintf)
    i.__ARM_fpclassify                       0x0800872c   Section        0  fpclassify.o(i.__ARM_fpclassify)
    i.__aeabi_errno_addr                     0x08008754   Section        0  errno.o(i.__aeabi_errno_addr)
    i.__kernel_poly                          0x0800875c   Section        0  poly.o(i.__kernel_poly)
    i.__mathlib_dbl_divzero                  0x08008808   Section        0  dunder.o(i.__mathlib_dbl_divzero)
    i.__mathlib_dbl_infnan2                  0x08008818   Section        0  dunder.o(i.__mathlib_dbl_infnan2)
    i.__mathlib_dbl_invalid                  0x0800881c   Section        0  dunder.o(i.__mathlib_dbl_invalid)
    i.__mathlib_dbl_overflow                 0x08008828   Section        0  dunder.o(i.__mathlib_dbl_overflow)
    i.__mathlib_dbl_underflow                0x08008838   Section        0  dunder.o(i.__mathlib_dbl_underflow)
    i.__scatterload_copy                     0x08008848   Section       14  handlers.o(i.__scatterload_copy)
    i.__scatterload_null                     0x08008856   Section        2  handlers.o(i.__scatterload_null)
    i.__scatterload_zeroinit                 0x08008858   Section       14  handlers.o(i.__scatterload_zeroinit)
    i.__set_errno                            0x08008868   Section        0  errno.o(i.__set_errno)
    i._fp_digits                             0x08008874   Section        0  printfa.o(i._fp_digits)
    _fp_digits                               0x08008875   Thumb Code   366  printfa.o(i._fp_digits)
    i._printf_core                           0x080089f8   Section        0  printfa.o(i._printf_core)
    _printf_core                             0x080089f9   Thumb Code  1744  printfa.o(i._printf_core)
    i._printf_post_padding                   0x080090d4   Section        0  printfa.o(i._printf_post_padding)
    _printf_post_padding                     0x080090d5   Thumb Code    36  printfa.o(i._printf_post_padding)
    i._printf_pre_padding                    0x080090f8   Section        0  printfa.o(i._printf_pre_padding)
    _printf_pre_padding                      0x080090f9   Thumb Code    46  printfa.o(i._printf_pre_padding)
    i._snputc                                0x08009126   Section        0  printfa.o(i._snputc)
    _snputc                                  0x08009127   Thumb Code    22  printfa.o(i._snputc)
    i._sputc                                 0x0800913c   Section        0  printfa.o(i._sputc)
    _sputc                                   0x0800913d   Thumb Code    10  printfa.o(i._sputc)
    i.floor                                  0x08009148   Section        0  floor.o(i.floor)
    i.free                                   0x08009224   Section        0  malloc.o(i.free)
    i.malloc                                 0x08009274   Section        0  malloc.o(i.malloc)
    i.pow                                    0x080092e0   Section        0  pow.o(i.pow)
    i.sqrt                                   0x08009cb8   Section        0  sqrt.o(i.sqrt)
    .constdata                               0x08009d04   Section       17  main.o(.constdata)
    .constdata                               0x08009d15   Section     6080  oled.o(.constdata)
    .constdata                               0x0800b4d5   Section        7  cjson.o(.constdata)
    firstByteMark                            0x0800b4d5   Data           7  cjson.o(.constdata)
    .constdata                               0x0800b4e0   Section      136  pow.o(.constdata)
    bp                                       0x0800b4e0   Data          16  pow.o(.constdata)
    dp_h                                     0x0800b4f0   Data          16  pow.o(.constdata)
    dp_l                                     0x0800b500   Data          16  pow.o(.constdata)
    L                                        0x0800b510   Data          48  pow.o(.constdata)
    P                                        0x0800b540   Data          40  pow.o(.constdata)
    .constdata                               0x0800b568   Section        8  qnan.o(.constdata)
    .constdata                               0x0800b570   Section      129  ctype_o.o(.constdata)
    .constdata                               0x0800b5f4   Section        4  ctype_o.o(.constdata)
    table                                    0x0800b5f4   Data           4  ctype_o.o(.constdata)
    .conststring                             0x0800b5f8   Section       88  main.o(.conststring)
    .data                                    0x20000000   Section       32  main.o(.data)
    .data                                    0x20000020   Section       20  system_stm32f10x.o(.data)
    .data                                    0x20000034   Section        1  key.o(.data)
    key_up                                   0x20000034   Data           1  key.o(.data)
    .data                                    0x20000035   Section     5177  oled.o(.data)
    line                                     0x2000146d   Data           1  oled.o(.data)
    .data                                    0x20001470   Section        4  lb301.o(.data)
    .data                                    0x20001474   Section        4  delay.o(.data)
    fac_us                                   0x20001474   Data           1  delay.o(.data)
    fac_ms                                   0x20001476   Data           2  delay.o(.data)
    .data                                    0x20001478   Section        6  usart.o(.data)
    .data                                    0x2000147e   Section       20  stm32f10x_rcc.o(.data)
    APBAHBPrescTable                         0x2000147e   Data          16  stm32f10x_rcc.o(.data)
    ADCPrescTable                            0x2000148e   Data           4  stm32f10x_rcc.o(.data)
    .data                                    0x20001492   Section        2  onenet.o(.data)
    pkt_id                                   0x20001492   Data           2  onenet.o(.data)
    .data                                    0x20001494   Section        4  esp8266.o(.data)
    .data                                    0x20001498   Section       12  cjson.o(.data)
    ep                                       0x20001498   Data           4  cjson.o(.data)
    cJSON_malloc                             0x2000149c   Data           4  cjson.o(.data)
    cJSON_free                               0x200014a0   Data           4  cjson.o(.data)
    .data                                    0x200014a4   Section        4  rand.o(.data)
    _rand_state                              0x200014a4   Data           4  rand.o(.data)
    .data                                    0x200014a8   Section        4  mvars.o(.data)
    .data                                    0x200014ac   Section        4  mvars.o(.data)
    .data                                    0x200014b0   Section        4  errno.o(.data)
    _errno                                   0x200014b0   Data           4  errno.o(.data)
    .bss                                     0x200014b4   Section      268  main.o(.bss)
    .bss                                     0x200015c0   Section     1216  oled.o(.bss)
    Display_line_0                           0x20001a40   Data          16  oled.o(.bss)
    Display_line_1                           0x20001a50   Data          16  oled.o(.bss)
    Display_line_2                           0x20001a60   Data          16  oled.o(.bss)
    Display_line_3                           0x20001a70   Data          16  oled.o(.bss)
    .bss                                     0x20001a80   Section      800  usart.o(.bss)
    .bss                                     0x20001da0   Section       20  timer.o(.bss)
    .bss                                     0x20001db4   Section      128  esp8266.o(.bss)
    HEAP                                     0x20001e38   Section      512  startup_stm32f10x_hd.o(HEAP)
    STACK                                    0x20002038   Section     1024  startup_stm32f10x_hd.o(STACK)

    Global Symbols

    Symbol Name                              Value     Ov Type        Size  Object(Section)

    BuildAttributes$$THM_ISAv4$P$D$K$B$S$PE$A:L22UL41UL21$X:L11$S22US41US21$IEEE1$IW$USESV6$~STKCKD$USESV7$~SHL$OTIME$ROPI$IEEEX$EBA8$MICROLIB$REQ8$PRES8$EABIv2 0x00000000   Number         0  anon$$obj.o ABSOLUTE
    __ARM_use_no_argv                        0x00000000   Number         0  main.o ABSOLUTE
    __use_no_errno                           0x00000000   Number         0  useno.o ABSOLUTE
    __use_no_exception_handling              0x00000000   Number         0  useno.o ABSOLUTE
    __use_no_fp                              0x00000000   Number         0  useno.o ABSOLUTE
    __use_no_heap                            0x00000000   Number         0  useno.o ABSOLUTE
    __use_no_heap_region                     0x00000000   Number         0  useno.o ABSOLUTE
    __use_no_semihosting                     0x00000000   Number         0  useno.o ABSOLUTE
    __use_no_semihosting_swi                 0x00000000   Number         0  useno.o ABSOLUTE
    __use_no_signal_handling                 0x00000000   Number         0  useno.o ABSOLUTE
    _printf_a                                0x00000000   Number         0  stubs.o ABSOLUTE
    _printf_c                                0x00000000   Number         0  stubs.o ABSOLUTE
    _printf_charcount                        0x00000000   Number         0  stubs.o ABSOLUTE
    _printf_d                                0x00000000   Number         0  stubs.o ABSOLUTE
    _printf_e                                0x00000000   Number         0  stubs.o ABSOLUTE
    _printf_f                                0x00000000   Number         0  stubs.o ABSOLUTE
    _printf_flags                            0x00000000   Number         0  stubs.o ABSOLUTE
    _printf_fp_dec                           0x00000000   Number         0  stubs.o ABSOLUTE
    _printf_fp_hex                           0x00000000   Number         0  stubs.o ABSOLUTE
    _printf_g                                0x00000000   Number         0  stubs.o ABSOLUTE
    _printf_i                                0x00000000   Number         0  stubs.o ABSOLUTE
    _printf_int_dec                          0x00000000   Number         0  stubs.o ABSOLUTE
    _printf_l                                0x00000000   Number         0  stubs.o ABSOLUTE
    _printf_lc                               0x00000000   Number         0  stubs.o ABSOLUTE
    _printf_ll                               0x00000000   Number         0  stubs.o ABSOLUTE
    _printf_lld                              0x00000000   Number         0  stubs.o ABSOLUTE
    _printf_lli                              0x00000000   Number         0  stubs.o ABSOLUTE
    _printf_llo                              0x00000000   Number         0  stubs.o ABSOLUTE
    _printf_llu                              0x00000000   Number         0  stubs.o ABSOLUTE
    _printf_llx                              0x00000000   Number         0  stubs.o ABSOLUTE
    _printf_longlong_dec                     0x00000000   Number         0  stubs.o ABSOLUTE
    _printf_longlong_hex                     0x00000000   Number         0  stubs.o ABSOLUTE
    _printf_longlong_oct                     0x00000000   Number         0  stubs.o ABSOLUTE
    _printf_ls                               0x00000000   Number         0  stubs.o ABSOLUTE
    _printf_mbtowc                           0x00000000   Number         0  stubs.o ABSOLUTE
    _printf_n                                0x00000000   Number         0  stubs.o ABSOLUTE
    _printf_o                                0x00000000   Number         0  stubs.o ABSOLUTE
    _printf_p                                0x00000000   Number         0  stubs.o ABSOLUTE
    _printf_percent                          0x00000000   Number         0  stubs.o ABSOLUTE
    _printf_pre_padding                      0x00000000   Number         0  stubs.o ABSOLUTE
    _printf_return_value                     0x00000000   Number         0  stubs.o ABSOLUTE
    _printf_s                                0x00000000   Number         0  stubs.o ABSOLUTE
    _printf_sizespec                         0x00000000   Number         0  stubs.o ABSOLUTE
    _printf_str                              0x00000000   Number         0  stubs.o ABSOLUTE
    _printf_truncate_signed                  0x00000000   Number         0  stubs.o ABSOLUTE
    _printf_truncate_unsigned                0x00000000   Number         0  stubs.o ABSOLUTE
    _printf_u                                0x00000000   Number         0  stubs.o ABSOLUTE
    _printf_wc                               0x00000000   Number         0  stubs.o ABSOLUTE
    _printf_wctomb                           0x00000000   Number         0  stubs.o ABSOLUTE
    _printf_widthprec                        0x00000000   Number         0  stubs.o ABSOLUTE
    _printf_x                                0x00000000   Number         0  stubs.o ABSOLUTE
    __cpp_initialize__aeabi_                  - Undefined Weak Reference
    __cxa_finalize                            - Undefined Weak Reference
    _clock_init                               - Undefined Weak Reference
    _microlib_exit                            - Undefined Weak Reference
    __Vectors_Size                           0x00000130   Number         0  startup_stm32f10x_hd.o ABSOLUTE
    __Vectors                                0x08000000   Data           4  startup_stm32f10x_hd.o(RESET)
    __Vectors_End                            0x08000130   Data           0  startup_stm32f10x_hd.o(RESET)
    __main                                   0x08000131   Thumb Code     0  entry.o(.ARM.Collect$$$$00000000)
    _main_stk                                0x08000131   Thumb Code     0  entry2.o(.ARM.Collect$$$$00000001)
    _main_scatterload                        0x08000135   Thumb Code     0  entry5.o(.ARM.Collect$$$$00000004)
    __main_after_scatterload                 0x08000139   Thumb Code     0  entry5.o(.ARM.Collect$$$$00000004)
    _main_clock                              0x08000139   Thumb Code     0  entry7b.o(.ARM.Collect$$$$00000008)
    _main_cpp_init                           0x08000139   Thumb Code     0  entry8b.o(.ARM.Collect$$$$0000000A)
    _main_init                               0x08000139   Thumb Code     0  entry9a.o(.ARM.Collect$$$$0000000B)
    __rt_final_cpp                           0x08000141   Thumb Code     0  entry10a.o(.ARM.Collect$$$$0000000D)
    __rt_final_exit                          0x08000141   Thumb Code     0  entry11a.o(.ARM.Collect$$$$0000000F)
    Add_FR                                   0x08000145   Thumb Code   208  main.o(.text)
    press_FR                                 0x08000215   Thumb Code   102  main.o(.text)
    Del_FR                                   0x0800027b   Thumb Code    38  main.o(.text)
    main                                     0x080002a1   Thumb Code  1072  main.o(.text)
    NMI_Handler                              0x080006e1   Thumb Code     2  stm32f10x_it.o(.text)
    HardFault_Handler                        0x080006e3   Thumb Code     4  stm32f10x_it.o(.text)
    MemManage_Handler                        0x080006e7   Thumb Code     4  stm32f10x_it.o(.text)
    BusFault_Handler                         0x080006eb   Thumb Code     4  stm32f10x_it.o(.text)
    UsageFault_Handler                       0x080006ef   Thumb Code     4  stm32f10x_it.o(.text)
    SVC_Handler                              0x080006f3   Thumb Code     2  stm32f10x_it.o(.text)
    DebugMon_Handler                         0x080006f5   Thumb Code     2  stm32f10x_it.o(.text)
    PendSV_Handler                           0x080006f7   Thumb Code     2  stm32f10x_it.o(.text)
    SysTick_Handler                          0x080006f9   Thumb Code     2  stm32f10x_it.o(.text)
    SystemInit                               0x080007db   Thumb Code    78  system_stm32f10x.o(.text)
    SystemCoreClockUpdate                    0x08000829   Thumb Code   142  system_stm32f10x.o(.text)
    LED_Init                                 0x080008dd   Thumb Code    72  led.o(.text)
    DHT11_Rst                                0x0800092d   Thumb Code    52  dht11.o(.text)
    DHT11_Check                              0x08000961   Thumb Code    96  dht11.o(.text)
    DHT11_Read_Bit                           0x080009c1   Thumb Code    76  dht11.o(.text)
    DHT11_Read_Byte                          0x08000a0d   Thumb Code    30  dht11.o(.text)
    DHT11_Read_Data                          0x08000a2b   Thumb Code   110  dht11.o(.text)
    DHT11_Init                               0x08000a99   Thumb Code    62  dht11.o(.text)
    BEEP_Init                                0x08000ae5   Thumb Code    50  beep.o(.text)
    i2c_Start                                0x08000b2b   Thumb Code    42  bh1750.o(.text)
    i2c_Stop                                 0x08000b55   Thumb Code    28  bh1750.o(.text)
    i2c_SendByte                             0x08000b71   Thumb Code    80  bh1750.o(.text)
    i2c_ReadByte                             0x08000bc1   Thumb Code    62  bh1750.o(.text)
    i2c_WaitAck                              0x08000bff   Thumb Code    56  bh1750.o(.text)
    i2c_Ack                                  0x08000c37   Thumb Code    44  bh1750.o(.text)
    i2c_NAck                                 0x08000c63   Thumb Code    36  bh1750.o(.text)
    i2c_CheckDevice                          0x08000cb3   Thumb Code    28  bh1750.o(.text)
    BH1750_Byte_Write                        0x08000ccf   Thumb Code    50  bh1750.o(.text)
    BH1750_Read_Measure                      0x08000d01   Thumb Code    58  bh1750.o(.text)
    BH1750_Power_ON                          0x08000d3b   Thumb Code    10  bh1750.o(.text)
    BH1750_Power_OFF                         0x08000d45   Thumb Code    10  bh1750.o(.text)
    BH1750_RESET                             0x08000d4f   Thumb Code    10  bh1750.o(.text)
    BH1750_Init                              0x08000d59   Thumb Code    18  bh1750.o(.text)
    LIght_Intensity                          0x08000d6b   Thumb Code    32  bh1750.o(.text)
    KEY_Init                                 0x08000d95   Thumb Code    82  key.o(.text)
    KEY_Scan                                 0x08000de7   Thumb Code   120  key.o(.text)
    I2C_Stop                                 0x08000e79   Thumb Code    28  oled.o(.text)
    I2C_WaitAck                              0x08000e95   Thumb Code    20  oled.o(.text)
    Send_Byte                                0x08000ea9   Thumb Code    70  oled.o(.text)
    I2C_Start                                0x08000eef   Thumb Code    36  oled.o(.text)
    OLED_WR_Byte                             0x08000f13   Thumb Code    56  oled.o(.text)
    OLED_ColorTurn                           0x08000f4b   Thumb Code    28  oled.o(.text)
    OLED_DisplayTurn                         0x08000f67   Thumb Code    44  oled.o(.text)
    OLED_DisPlay_On                          0x08000f93   Thumb Code    28  oled.o(.text)
    OLED_DisPlay_Off                         0x08000faf   Thumb Code    28  oled.o(.text)
    OLED_Refresh                             0x08000fcb   Thumb Code    70  oled.o(.text)
    OLED_Clear                               0x08001011   Thumb Code    42  oled.o(.text)
    OLED_DrawPoint                           0x0800103b   Thumb Code    54  oled.o(.text)
    OLED_ClearPoint                          0x08001071   Thumb Code    90  oled.o(.text)
    OLED_DrawLine                            0x080010cb   Thumb Code   176  oled.o(.text)
    OLED_DrawCircle                          0x0800117b   Thumb Code   152  oled.o(.text)
    OLED_ShowChar                            0x08001213   Thumb Code   250  oled.o(.text)
    OLED_ShowString                          0x0800130d   Thumb Code    66  oled.o(.text)
    OLED_ClearAndShowString                  0x0800134f   Thumb Code    36  oled.o(.text)
    OLED_Pow                                 0x08001373   Thumb Code    22  oled.o(.text)
    OLED_ShowNum                             0x08001389   Thumb Code   116  oled.o(.text)
    OLED_Refresh_Line                        0x080013fd   Thumb Code   352  oled.o(.text)
    OLED_WR_BP                               0x0800155d   Thumb Code    46  oled.o(.text)
    OLED_ShowPicture                         0x0800158b   Thumb Code    98  oled.o(.text)
    OLED_Init                                0x080015ed   Thumb Code   342  oled.o(.text)
    PS_StaGPIO_Init                          0x08001745   Thumb Code    52  lb301.o(.text)
    PS_GetImage                              0x0800187f   Thumb Code    78  lb301.o(.text)
    PS_GenChar                               0x080018cd   Thumb Code    90  lb301.o(.text)
    PS_Search                                0x08001927   Thumb Code   164  lb301.o(.text)
    PS_RegMB                                 0x080019cb   Thumb Code    78  lb301.o(.text)
    PS_StoreMB                               0x08001a19   Thumb Code   116  lb301.o(.text)
    PS_DeletChar                             0x08001a8d   Thumb Code   128  lb301.o(.text)
    PS_Empty                                 0x08001b0d   Thumb Code   102  lb301.o(.text)
    EnsureMessage                            0x08001b73   Thumb Code   202  lb301.o(.text)
    PS_ReadSysPara                           0x08001c3d   Thumb Code   206  lb301.o(.text)
    PS_AutoIdentify                          0x08001d0b   Thumb Code   988  lb301.o(.text)
    PS_ValidTempleteNum                      0x080020e7   Thumb Code   130  lb301.o(.text)
    PS_FingerMoudleSet                       0x08002169   Thumb Code    56  lb301.o(.text)
    FS_Init                                  0x080021bd   Thumb Code    50  pwm.o(.text)
    ULN2003_Configuration                    0x080021f5   Thumb Code    48  motor.o(.text)
    stepper                                  0x08002225   Thumb Code   488  motor.o(.text)
    angle_control                            0x0800240d   Thumb Code    66  motor.o(.text)
    delay_init                               0x08002461   Thumb Code    50  delay.o(.text)
    delay_us                                 0x08002493   Thumb Code    72  delay.o(.text)
    delay_ms                                 0x080024db   Thumb Code    72  delay.o(.text)
    _sys_exit                                0x08002535   Thumb Code     4  usart.o(.text)
    fputc                                    0x08002539   Thumb Code    24  usart.o(.text)
    Usart1_Init                              0x08002551   Thumb Code   166  usart.o(.text)
    Usart2_Init                              0x080025f7   Thumb Code   164  usart.o(.text)
    Usart3_Init                              0x0800269b   Thumb Code   188  usart.o(.text)
    Usart_SendString                         0x08002757   Thumb Code    50  usart.o(.text)
    UsartPrintf                              0x08002789   Thumb Code    72  usart.o(.text)
    DEBUG_LOG                                0x080027d1   Thumb Code    86  usart.o(.text)
    USART1_IRQHandler                        0x08002827   Thumb Code    34  usart.o(.text)
    USART3_IRQHandler                        0x08002849   Thumb Code    94  usart.o(.text)
    u3_printf                                0x080028a7   Thumb Code    72  usart.o(.text)
    TIM3_Int_Init                            0x08002929   Thumb Code    90  timer.o(.text)
    TIM3_IRQHandler                          0x08002983   Thumb Code    96  timer.o(.text)
    TIM2_Int_Init                            0x080029e3   Thumb Code    92  timer.o(.text)
    TIM2_IRQHandler                          0x08002a3f   Thumb Code   138  timer.o(.text)
    TIM4_IRQHandler                          0x08002ac9   Thumb Code    42  timer.o(.text)
    TIM4_Int_Init                            0x08002af3   Thumb Code    90  timer.o(.text)
    EXTI_DeInit                              0x08002bc9   Thumb Code    28  stm32f10x_exti.o(.text)
    EXTI_Init                                0x08002be5   Thumb Code   142  stm32f10x_exti.o(.text)
    EXTI_StructInit                          0x08002c73   Thumb Code    16  stm32f10x_exti.o(.text)
    EXTI_GenerateSWInterrupt                 0x08002c83   Thumb Code    16  stm32f10x_exti.o(.text)
    EXTI_GetFlagStatus                       0x08002c93   Thumb Code    22  stm32f10x_exti.o(.text)
    EXTI_ClearFlag                           0x08002ca9   Thumb Code     8  stm32f10x_exti.o(.text)
    EXTI_GetITStatus                         0x08002cb1   Thumb Code    34  stm32f10x_exti.o(.text)
    EXTI_ClearITPendingBit                   0x08002cd3   Thumb Code     8  stm32f10x_exti.o(.text)
    EXTIX_Init                               0x08002ce5   Thumb Code   212  exti.o(.text)
    EXTI0_IRQHandler                         0x08002db9   Thumb Code    30  exti.o(.text)
    EXTI9_5_IRQHandler                       0x08002dd7   Thumb Code    28  exti.o(.text)
    EXTI15_10_IRQHandler                     0x08002df3   Thumb Code    32  exti.o(.text)
    Reset_Handler                            0x08002e25   Thumb Code     8  startup_stm32f10x_hd.o(.text)
    ADC1_2_IRQHandler                        0x08002e3f   Thumb Code     0  startup_stm32f10x_hd.o(.text)
    ADC3_IRQHandler                          0x08002e3f   Thumb Code     0  startup_stm32f10x_hd.o(.text)
    CAN1_RX1_IRQHandler                      0x08002e3f   Thumb Code     0  startup_stm32f10x_hd.o(.text)
    CAN1_SCE_IRQHandler                      0x08002e3f   Thumb Code     0  startup_stm32f10x_hd.o(.text)
    DMA1_Channel1_IRQHandler                 0x08002e3f   Thumb Code     0  startup_stm32f10x_hd.o(.text)
    DMA1_Channel2_IRQHandler                 0x08002e3f   Thumb Code     0  startup_stm32f10x_hd.o(.text)
    DMA1_Channel3_IRQHandler                 0x08002e3f   Thumb Code     0  startup_stm32f10x_hd.o(.text)
    DMA1_Channel4_IRQHandler                 0x08002e3f   Thumb Code     0  startup_stm32f10x_hd.o(.text)
    DMA1_Channel5_IRQHandler                 0x08002e3f   Thumb Code     0  startup_stm32f10x_hd.o(.text)
    DMA1_Channel6_IRQHandler                 0x08002e3f   Thumb Code     0  startup_stm32f10x_hd.o(.text)
    DMA1_Channel7_IRQHandler                 0x08002e3f   Thumb Code     0  startup_stm32f10x_hd.o(.text)
    DMA2_Channel1_IRQHandler                 0x08002e3f   Thumb Code     0  startup_stm32f10x_hd.o(.text)
    DMA2_Channel2_IRQHandler                 0x08002e3f   Thumb Code     0  startup_stm32f10x_hd.o(.text)
    DMA2_Channel3_IRQHandler                 0x08002e3f   Thumb Code     0  startup_stm32f10x_hd.o(.text)
    DMA2_Channel4_5_IRQHandler               0x08002e3f   Thumb Code     0  startup_stm32f10x_hd.o(.text)
    EXTI1_IRQHandler                         0x08002e3f   Thumb Code     0  startup_stm32f10x_hd.o(.text)
    EXTI2_IRQHandler                         0x08002e3f   Thumb Code     0  startup_stm32f10x_hd.o(.text)
    EXTI3_IRQHandler                         0x08002e3f   Thumb Code     0  startup_stm32f10x_hd.o(.text)
    EXTI4_IRQHandler                         0x08002e3f   Thumb Code     0  startup_stm32f10x_hd.o(.text)
    FLASH_IRQHandler                         0x08002e3f   Thumb Code     0  startup_stm32f10x_hd.o(.text)
    FSMC_IRQHandler                          0x08002e3f   Thumb Code     0  startup_stm32f10x_hd.o(.text)
    I2C1_ER_IRQHandler                       0x08002e3f   Thumb Code     0  startup_stm32f10x_hd.o(.text)
    I2C1_EV_IRQHandler                       0x08002e3f   Thumb Code     0  startup_stm32f10x_hd.o(.text)
    I2C2_ER_IRQHandler                       0x08002e3f   Thumb Code     0  startup_stm32f10x_hd.o(.text)
    I2C2_EV_IRQHandler                       0x08002e3f   Thumb Code     0  startup_stm32f10x_hd.o(.text)
    PVD_IRQHandler                           0x08002e3f   Thumb Code     0  startup_stm32f10x_hd.o(.text)
    RCC_IRQHandler                           0x08002e3f   Thumb Code     0  startup_stm32f10x_hd.o(.text)
    RTCAlarm_IRQHandler                      0x08002e3f   Thumb Code     0  startup_stm32f10x_hd.o(.text)
    RTC_IRQHandler                           0x08002e3f   Thumb Code     0  startup_stm32f10x_hd.o(.text)
    SDIO_IRQHandler                          0x08002e3f   Thumb Code     0  startup_stm32f10x_hd.o(.text)
    SPI1_IRQHandler                          0x08002e3f   Thumb Code     0  startup_stm32f10x_hd.o(.text)
    SPI2_IRQHandler                          0x08002e3f   Thumb Code     0  startup_stm32f10x_hd.o(.text)
    SPI3_IRQHandler                          0x08002e3f   Thumb Code     0  startup_stm32f10x_hd.o(.text)
    TAMPER_IRQHandler                        0x08002e3f   Thumb Code     0  startup_stm32f10x_hd.o(.text)
    TIM1_BRK_IRQHandler                      0x08002e3f   Thumb Code     0  startup_stm32f10x_hd.o(.text)
    TIM1_CC_IRQHandler                       0x08002e3f   Thumb Code     0  startup_stm32f10x_hd.o(.text)
    TIM1_TRG_COM_IRQHandler                  0x08002e3f   Thumb Code     0  startup_stm32f10x_hd.o(.text)
    TIM1_UP_IRQHandler                       0x08002e3f   Thumb Code     0  startup_stm32f10x_hd.o(.text)
    TIM5_IRQHandler                          0x08002e3f   Thumb Code     0  startup_stm32f10x_hd.o(.text)
    TIM6_IRQHandler                          0x08002e3f   Thumb Code     0  startup_stm32f10x_hd.o(.text)
    TIM7_IRQHandler                          0x08002e3f   Thumb Code     0  startup_stm32f10x_hd.o(.text)
    TIM8_BRK_IRQHandler                      0x08002e3f   Thumb Code     0  startup_stm32f10x_hd.o(.text)
    TIM8_CC_IRQHandler                       0x08002e3f   Thumb Code     0  startup_stm32f10x_hd.o(.text)
    TIM8_TRG_COM_IRQHandler                  0x08002e3f   Thumb Code     0  startup_stm32f10x_hd.o(.text)
    TIM8_UP_IRQHandler                       0x08002e3f   Thumb Code     0  startup_stm32f10x_hd.o(.text)
    UART4_IRQHandler                         0x08002e3f   Thumb Code     0  startup_stm32f10x_hd.o(.text)
    UART5_IRQHandler                         0x08002e3f   Thumb Code     0  startup_stm32f10x_hd.o(.text)
    USBWakeUp_IRQHandler                     0x08002e3f   Thumb Code     0  startup_stm32f10x_hd.o(.text)
    USB_HP_CAN1_TX_IRQHandler                0x08002e3f   Thumb Code     0  startup_stm32f10x_hd.o(.text)
    USB_LP_CAN1_RX0_IRQHandler               0x08002e3f   Thumb Code     0  startup_stm32f10x_hd.o(.text)
    WWDG_IRQHandler                          0x08002e3f   Thumb Code     0  startup_stm32f10x_hd.o(.text)
    GPIO_DeInit                              0x08002e49   Thumb Code   172  stm32f10x_gpio.o(.text)
    GPIO_AFIODeInit                          0x08002ef5   Thumb Code    20  stm32f10x_gpio.o(.text)
    GPIO_Init                                0x08002f09   Thumb Code   278  stm32f10x_gpio.o(.text)
    GPIO_StructInit                          0x0800301f   Thumb Code    16  stm32f10x_gpio.o(.text)
    GPIO_ReadInputDataBit                    0x0800302f   Thumb Code    18  stm32f10x_gpio.o(.text)
    GPIO_ReadInputData                       0x08003041   Thumb Code     8  stm32f10x_gpio.o(.text)
    GPIO_ReadOutputDataBit                   0x08003049   Thumb Code    18  stm32f10x_gpio.o(.text)
    GPIO_ReadOutputData                      0x0800305b   Thumb Code     8  stm32f10x_gpio.o(.text)
    GPIO_SetBits                             0x08003063   Thumb Code     4  stm32f10x_gpio.o(.text)
    GPIO_ResetBits                           0x08003067   Thumb Code     4  stm32f10x_gpio.o(.text)
    GPIO_WriteBit                            0x0800306b   Thumb Code    10  stm32f10x_gpio.o(.text)
    GPIO_Write                               0x08003075   Thumb Code     4  stm32f10x_gpio.o(.text)
    GPIO_PinLockConfig                       0x08003079   Thumb Code    18  stm32f10x_gpio.o(.text)
    GPIO_EventOutputConfig                   0x0800308b   Thumb Code    26  stm32f10x_gpio.o(.text)
    GPIO_EventOutputCmd                      0x080030a5   Thumb Code     6  stm32f10x_gpio.o(.text)
    GPIO_PinRemapConfig                      0x080030ab   Thumb Code   138  stm32f10x_gpio.o(.text)
    GPIO_EXTILineConfig                      0x08003135   Thumb Code    66  stm32f10x_gpio.o(.text)
    GPIO_ETH_MediaInterfaceConfig            0x08003177   Thumb Code     8  stm32f10x_gpio.o(.text)
    RCC_DeInit                               0x080031a5   Thumb Code    64  stm32f10x_rcc.o(.text)
    RCC_HSEConfig                            0x080031e5   Thumb Code    70  stm32f10x_rcc.o(.text)
    RCC_GetFlagStatus                        0x0800322b   Thumb Code    56  stm32f10x_rcc.o(.text)
    RCC_WaitForHSEStartUp                    0x08003263   Thumb Code    56  stm32f10x_rcc.o(.text)
    RCC_AdjustHSICalibrationValue            0x0800329b   Thumb Code    20  stm32f10x_rcc.o(.text)
    RCC_HSICmd                               0x080032af   Thumb Code     6  stm32f10x_rcc.o(.text)
    RCC_PLLConfig                            0x080032b5   Thumb Code    24  stm32f10x_rcc.o(.text)
    RCC_PLLCmd                               0x080032cd   Thumb Code     6  stm32f10x_rcc.o(.text)
    RCC_SYSCLKConfig                         0x080032d3   Thumb Code    18  stm32f10x_rcc.o(.text)
    RCC_GetSYSCLKSource                      0x080032e5   Thumb Code    10  stm32f10x_rcc.o(.text)
    RCC_HCLKConfig                           0x080032ef   Thumb Code    18  stm32f10x_rcc.o(.text)
    RCC_PCLK1Config                          0x08003301   Thumb Code    18  stm32f10x_rcc.o(.text)
    RCC_PCLK2Config                          0x08003313   Thumb Code    20  stm32f10x_rcc.o(.text)
    RCC_ITConfig                             0x08003327   Thumb Code    26  stm32f10x_rcc.o(.text)
    RCC_USBCLKConfig                         0x08003341   Thumb Code     8  stm32f10x_rcc.o(.text)
    RCC_ADCCLKConfig                         0x08003349   Thumb Code    18  stm32f10x_rcc.o(.text)
    RCC_LSEConfig                            0x0800335b   Thumb Code    50  stm32f10x_rcc.o(.text)
    RCC_LSICmd                               0x0800338d   Thumb Code     6  stm32f10x_rcc.o(.text)
    RCC_RTCCLKConfig                         0x08003393   Thumb Code    12  stm32f10x_rcc.o(.text)
    RCC_RTCCLKCmd                            0x0800339f   Thumb Code     8  stm32f10x_rcc.o(.text)
    RCC_GetClocksFreq                        0x080033a7   Thumb Code   192  stm32f10x_rcc.o(.text)
    RCC_AHBPeriphClockCmd                    0x08003467   Thumb Code    26  stm32f10x_rcc.o(.text)
    RCC_APB2PeriphClockCmd                   0x08003481   Thumb Code    26  stm32f10x_rcc.o(.text)
    RCC_APB1PeriphClockCmd                   0x0800349b   Thumb Code    26  stm32f10x_rcc.o(.text)
    RCC_APB2PeriphResetCmd                   0x080034b5   Thumb Code    26  stm32f10x_rcc.o(.text)
    RCC_APB1PeriphResetCmd                   0x080034cf   Thumb Code    26  stm32f10x_rcc.o(.text)
    RCC_BackupResetCmd                       0x080034e9   Thumb Code     8  stm32f10x_rcc.o(.text)
    RCC_ClockSecuritySystemCmd               0x080034f1   Thumb Code     6  stm32f10x_rcc.o(.text)
    RCC_MCOConfig                            0x080034f7   Thumb Code     6  stm32f10x_rcc.o(.text)
    RCC_ClearFlag                            0x080034fd   Thumb Code    14  stm32f10x_rcc.o(.text)
    RCC_GetITStatus                          0x0800350b   Thumb Code    20  stm32f10x_rcc.o(.text)
    RCC_ClearITPendingBit                    0x0800351f   Thumb Code     6  stm32f10x_rcc.o(.text)
    USART_DeInit                             0x08003549   Thumb Code   134  stm32f10x_usart.o(.text)
    USART_Init                               0x080035cf   Thumb Code   210  stm32f10x_usart.o(.text)
    USART_StructInit                         0x080036a1   Thumb Code    24  stm32f10x_usart.o(.text)
    USART_ClockInit                          0x080036b9   Thumb Code    34  stm32f10x_usart.o(.text)
    USART_ClockStructInit                    0x080036db   Thumb Code    12  stm32f10x_usart.o(.text)
    USART_Cmd                                0x080036e7   Thumb Code    24  stm32f10x_usart.o(.text)
    USART_ITConfig                           0x080036ff   Thumb Code    74  stm32f10x_usart.o(.text)
    USART_DMACmd                             0x08003749   Thumb Code    18  stm32f10x_usart.o(.text)
    USART_SetAddress                         0x0800375b   Thumb Code    18  stm32f10x_usart.o(.text)
    USART_WakeUpConfig                       0x0800376d   Thumb Code    18  stm32f10x_usart.o(.text)
    USART_ReceiverWakeUpCmd                  0x0800377f   Thumb Code    24  stm32f10x_usart.o(.text)
    USART_LINBreakDetectLengthConfig         0x08003797   Thumb Code    18  stm32f10x_usart.o(.text)
    USART_LINCmd                             0x080037a9   Thumb Code    24  stm32f10x_usart.o(.text)
    USART_SendData                           0x080037c1   Thumb Code     8  stm32f10x_usart.o(.text)
    USART_ReceiveData                        0x080037c9   Thumb Code    10  stm32f10x_usart.o(.text)
    USART_SendBreak                          0x080037d3   Thumb Code    10  stm32f10x_usart.o(.text)
    USART_SetGuardTime                       0x080037dd   Thumb Code    16  stm32f10x_usart.o(.text)
    USART_SetPrescaler                       0x080037ed   Thumb Code    16  stm32f10x_usart.o(.text)
    USART_SmartCardCmd                       0x080037fd   Thumb Code    24  stm32f10x_usart.o(.text)
    USART_SmartCardNACKCmd                   0x08003815   Thumb Code    24  stm32f10x_usart.o(.text)
    USART_HalfDuplexCmd                      0x0800382d   Thumb Code    24  stm32f10x_usart.o(.text)
    USART_OverSampling8Cmd                   0x08003845   Thumb Code    22  stm32f10x_usart.o(.text)
    USART_OneBitMethodCmd                    0x0800385b   Thumb Code    24  stm32f10x_usart.o(.text)
    USART_IrDAConfig                         0x08003873   Thumb Code    18  stm32f10x_usart.o(.text)
    USART_IrDACmd                            0x08003885   Thumb Code    24  stm32f10x_usart.o(.text)
    USART_GetFlagStatus                      0x0800389d   Thumb Code    26  stm32f10x_usart.o(.text)
    USART_ClearFlag                          0x080038b7   Thumb Code    18  stm32f10x_usart.o(.text)
    USART_GetITStatus                        0x080038c9   Thumb Code    84  stm32f10x_usart.o(.text)
    USART_ClearITPendingBit                  0x0800391d   Thumb Code    52  stm32f10x_usart.o(.text)
    NVIC_PriorityGroupConfig                 0x08003951   Thumb Code    10  misc.o(.text)
    NVIC_Init                                0x0800395b   Thumb Code   100  misc.o(.text)
    NVIC_SetVectorTable                      0x080039bf   Thumb Code    14  misc.o(.text)
    NVIC_SystemLPConfig                      0x080039cd   Thumb Code    34  misc.o(.text)
    SysTick_CLKSourceConfig                  0x080039ef   Thumb Code    40  misc.o(.text)
    TIM_DeInit                               0x08003a2d   Thumb Code   424  stm32f10x_tim.o(.text)
    TIM_TimeBaseInit                         0x08003bd5   Thumb Code   122  stm32f10x_tim.o(.text)
    TIM_OC1Init                              0x08003c4f   Thumb Code   132  stm32f10x_tim.o(.text)
    TIM_OC2Init                              0x08003cd3   Thumb Code   154  stm32f10x_tim.o(.text)
    TIM_OC3Init                              0x08003d6d   Thumb Code   150  stm32f10x_tim.o(.text)
    TIM_OC4Init                              0x08003e03   Thumb Code   182  stm32f10x_tim.o(.text)
    TIM_SetIC4Prescaler                      0x08003eb9   Thumb Code    26  stm32f10x_tim.o(.text)
    TIM_SetIC3Prescaler                      0x08003f55   Thumb Code    18  stm32f10x_tim.o(.text)
    TIM_SetIC2Prescaler                      0x08003fe1   Thumb Code    26  stm32f10x_tim.o(.text)
    TIM_SetIC1Prescaler                      0x0800407d   Thumb Code    18  stm32f10x_tim.o(.text)
    TIM_ICInit                               0x080040fb   Thumb Code   150  stm32f10x_tim.o(.text)
    TIM_PWMIConfig                           0x08004191   Thumb Code   124  stm32f10x_tim.o(.text)
    TIM_BDTRConfig                           0x0800420d   Thumb Code    32  stm32f10x_tim.o(.text)
    TIM_TimeBaseStructInit                   0x0800422d   Thumb Code    18  stm32f10x_tim.o(.text)
    TIM_OCStructInit                         0x0800423f   Thumb Code    20  stm32f10x_tim.o(.text)
    TIM_ICStructInit                         0x08004253   Thumb Code    18  stm32f10x_tim.o(.text)
    TIM_BDTRStructInit                       0x08004265   Thumb Code    40  stm32f10x_tim.o(.text)
    TIM_Cmd                                  0x0800428d   Thumb Code    24  stm32f10x_tim.o(.text)
    TIM_CtrlPWMOutputs                       0x080042a5   Thumb Code    30  stm32f10x_tim.o(.text)
    TIM_ITConfig                             0x080042c3   Thumb Code    18  stm32f10x_tim.o(.text)
    TIM_GenerateEvent                        0x080042d5   Thumb Code     4  stm32f10x_tim.o(.text)
    TIM_DMAConfig                            0x080042d9   Thumb Code    10  stm32f10x_tim.o(.text)
    TIM_DMACmd                               0x080042e3   Thumb Code    18  stm32f10x_tim.o(.text)
    TIM_InternalClockConfig                  0x080042f5   Thumb Code    12  stm32f10x_tim.o(.text)
    TIM_SelectInputTrigger                   0x08004301   Thumb Code    18  stm32f10x_tim.o(.text)
    TIM_ITRxExternalClockConfig              0x08004313   Thumb Code    24  stm32f10x_tim.o(.text)
    TIM_TIxExternalClockConfig               0x0800432b   Thumb Code    62  stm32f10x_tim.o(.text)
    TIM_ETRConfig                            0x08004369   Thumb Code    28  stm32f10x_tim.o(.text)
    TIM_ETRClockMode1Config                  0x08004385   Thumb Code    54  stm32f10x_tim.o(.text)
    TIM_ETRClockMode2Config                  0x080043bb   Thumb Code    32  stm32f10x_tim.o(.text)
    TIM_PrescalerConfig                      0x080043db   Thumb Code     6  stm32f10x_tim.o(.text)
    TIM_CounterModeConfig                    0x080043e1   Thumb Code    18  stm32f10x_tim.o(.text)
    TIM_EncoderInterfaceConfig               0x080043f3   Thumb Code    66  stm32f10x_tim.o(.text)
    TIM_ForcedOC1Config                      0x08004435   Thumb Code    18  stm32f10x_tim.o(.text)
    TIM_ForcedOC2Config                      0x08004447   Thumb Code    26  stm32f10x_tim.o(.text)
    TIM_ForcedOC3Config                      0x08004461   Thumb Code    18  stm32f10x_tim.o(.text)
    TIM_ForcedOC4Config                      0x08004473   Thumb Code    26  stm32f10x_tim.o(.text)
    TIM_ARRPreloadConfig                     0x0800448d   Thumb Code    24  stm32f10x_tim.o(.text)
    TIM_SelectCOM                            0x080044a5   Thumb Code    24  stm32f10x_tim.o(.text)
    TIM_SelectCCDMA                          0x080044bd   Thumb Code    24  stm32f10x_tim.o(.text)
    TIM_CCPreloadControl                     0x080044d5   Thumb Code    24  stm32f10x_tim.o(.text)
    TIM_OC1PreloadConfig                     0x080044ed   Thumb Code    18  stm32f10x_tim.o(.text)
    TIM_OC2PreloadConfig                     0x080044ff   Thumb Code    26  stm32f10x_tim.o(.text)
    TIM_OC3PreloadConfig                     0x08004519   Thumb Code    18  stm32f10x_tim.o(.text)
    TIM_OC4PreloadConfig                     0x0800452b   Thumb Code    26  stm32f10x_tim.o(.text)
    TIM_OC1FastConfig                        0x08004545   Thumb Code    18  stm32f10x_tim.o(.text)
    TIM_OC2FastConfig                        0x08004557   Thumb Code    26  stm32f10x_tim.o(.text)
    TIM_OC3FastConfig                        0x08004571   Thumb Code    18  stm32f10x_tim.o(.text)
    TIM_OC4FastConfig                        0x08004583   Thumb Code    26  stm32f10x_tim.o(.text)
    TIM_ClearOC1Ref                          0x0800459d   Thumb Code    18  stm32f10x_tim.o(.text)
    TIM_ClearOC2Ref                          0x080045af   Thumb Code    24  stm32f10x_tim.o(.text)
    TIM_ClearOC3Ref                          0x080045c7   Thumb Code    18  stm32f10x_tim.o(.text)
    TIM_ClearOC4Ref                          0x080045d9   Thumb Code    24  stm32f10x_tim.o(.text)
    TIM_OC1PolarityConfig                    0x080045f1   Thumb Code    18  stm32f10x_tim.o(.text)
    TIM_OC1NPolarityConfig                   0x08004603   Thumb Code    18  stm32f10x_tim.o(.text)
    TIM_OC2PolarityConfig                    0x08004615   Thumb Code    26  stm32f10x_tim.o(.text)
    TIM_OC2NPolarityConfig                   0x0800462f   Thumb Code    26  stm32f10x_tim.o(.text)
    TIM_OC3PolarityConfig                    0x08004649   Thumb Code    26  stm32f10x_tim.o(.text)
    TIM_OC3NPolarityConfig                   0x08004663   Thumb Code    26  stm32f10x_tim.o(.text)
    TIM_OC4PolarityConfig                    0x0800467d   Thumb Code    26  stm32f10x_tim.o(.text)
    TIM_CCxCmd                               0x08004697   Thumb Code    30  stm32f10x_tim.o(.text)
    TIM_CCxNCmd                              0x080046b5   Thumb Code    30  stm32f10x_tim.o(.text)
    TIM_SelectOCxM                           0x080046d3   Thumb Code    82  stm32f10x_tim.o(.text)
    TIM_UpdateDisableConfig                  0x08004725   Thumb Code    24  stm32f10x_tim.o(.text)
    TIM_UpdateRequestConfig                  0x0800473d   Thumb Code    24  stm32f10x_tim.o(.text)
    TIM_SelectHallSensor                     0x08004755   Thumb Code    24  stm32f10x_tim.o(.text)
    TIM_SelectOnePulseMode                   0x0800476d   Thumb Code    18  stm32f10x_tim.o(.text)
    TIM_SelectOutputTrigger                  0x0800477f   Thumb Code    18  stm32f10x_tim.o(.text)
    TIM_SelectSlaveMode                      0x08004791   Thumb Code    18  stm32f10x_tim.o(.text)
    TIM_SelectMasterSlaveMode                0x080047a3   Thumb Code    18  stm32f10x_tim.o(.text)
    TIM_SetCounter                           0x080047b5   Thumb Code     4  stm32f10x_tim.o(.text)
    TIM_SetAutoreload                        0x080047b9   Thumb Code     4  stm32f10x_tim.o(.text)
    TIM_SetCompare1                          0x080047bd   Thumb Code     4  stm32f10x_tim.o(.text)
    TIM_SetCompare2                          0x080047c1   Thumb Code     4  stm32f10x_tim.o(.text)
    TIM_SetCompare3                          0x080047c5   Thumb Code     4  stm32f10x_tim.o(.text)
    TIM_SetCompare4                          0x080047c9   Thumb Code     6  stm32f10x_tim.o(.text)
    TIM_SetClockDivision                     0x080047cf   Thumb Code    18  stm32f10x_tim.o(.text)
    TIM_GetCapture1                          0x080047e1   Thumb Code     6  stm32f10x_tim.o(.text)
    TIM_GetCapture2                          0x080047e7   Thumb Code     6  stm32f10x_tim.o(.text)
    TIM_GetCapture3                          0x080047ed   Thumb Code     6  stm32f10x_tim.o(.text)
    TIM_GetCapture4                          0x080047f3   Thumb Code     8  stm32f10x_tim.o(.text)
    TIM_GetCounter                           0x080047fb   Thumb Code     6  stm32f10x_tim.o(.text)
    TIM_GetPrescaler                         0x08004801   Thumb Code     6  stm32f10x_tim.o(.text)
    TIM_GetFlagStatus                        0x08004807   Thumb Code    18  stm32f10x_tim.o(.text)
    TIM_ClearFlag                            0x08004819   Thumb Code     6  stm32f10x_tim.o(.text)
    TIM_GetITStatus                          0x0800481f   Thumb Code    34  stm32f10x_tim.o(.text)
    TIM_ClearITPendingBit                    0x08004841   Thumb Code     6  stm32f10x_tim.o(.text)
    MQTT_NewBuffer                           0x08004849   Thumb Code    88  mqttkit.o(.text)
    MQTT_DeleteBuffer                        0x080048a1   Thumb Code    28  mqttkit.o(.text)
    MQTT_DumpLength                          0x080048bd   Thumb Code    46  mqttkit.o(.text)
    MQTT_ReadLength                          0x080048eb   Thumb Code    70  mqttkit.o(.text)
    MQTT_UnPacketRecv                        0x08004931   Thumb Code   106  mqttkit.o(.text)
    MQTT_PacketConnect                       0x0800499b   Thumb Code   666  mqttkit.o(.text)
    MQTT_PacketDisConnect                    0x08004c35   Thumb Code    48  mqttkit.o(.text)
    MQTT_UnPacketConnectAck                  0x08004c65   Thumb Code    30  mqttkit.o(.text)
    MQTT_PacketPublish                       0x08004c83   Thumb Code   452  mqttkit.o(.text)
    MQTT_PacketSaveData                      0x08004e47   Thumb Code    88  mqttkit.o(.text)
    MQTT_PacketSaveBinData                   0x08004e9f   Thumb Code   192  mqttkit.o(.text)
    MQTT_UnPacketCmd                         0x08004f5f   Thumb Code   140  mqttkit.o(.text)
    MQTT_PacketCmdResp                       0x08004feb   Thumb Code   132  mqttkit.o(.text)
    MQTT_PacketSubscribe                     0x0800506f   Thumb Code   254  mqttkit.o(.text)
    MQTT_UnPacketSubscribe                   0x0800516d   Thumb Code    52  mqttkit.o(.text)
    MQTT_PacketUnSubscribe                   0x080051a1   Thumb Code   268  mqttkit.o(.text)
    MQTT_UnPacketUnSubscribe                 0x080052ad   Thumb Code    18  mqttkit.o(.text)
    MQTT_UnPacketPublish                     0x080052bf   Thumb Code   440  mqttkit.o(.text)
    MQTT_PacketPublishAck                    0x08005477   Thumb Code    72  mqttkit.o(.text)
    MQTT_UnPacketPublishAck                  0x080054bf   Thumb Code    30  mqttkit.o(.text)
    MQTT_PacketPublishRec                    0x080054dd   Thumb Code    72  mqttkit.o(.text)
    MQTT_UnPacketPublishRec                  0x08005525   Thumb Code    30  mqttkit.o(.text)
    MQTT_PacketPublishRel                    0x08005543   Thumb Code    72  mqttkit.o(.text)
    MQTT_UnPacketPublishRel                  0x0800558b   Thumb Code    36  mqttkit.o(.text)
    MQTT_PacketPublishComp                   0x080055af   Thumb Code    72  mqttkit.o(.text)
    MQTT_UnPacketPublishComp                 0x080055f7   Thumb Code    30  mqttkit.o(.text)
    MQTT_PacketPing                          0x08005615   Thumb Code    48  mqttkit.o(.text)
    OneNet_DevLink                           0x08005645   Thumb Code   212  onenet.o(.text)
    OneNet_Subscribe                         0x08005719   Thumb Code    80  onenet.o(.text)
    OneNet_Publish                           0x08005769   Thumb Code    86  onenet.o(.text)
    OneNet_RevPro                            0x080057bf   Thumb Code  1398  onenet.o(.text)
    ESP8266_Clear                            0x08005dad   Thumb Code    18  esp8266.o(.text)
    ESP8266_WaitRecive                       0x08005dbf   Thumb Code    42  esp8266.o(.text)
    ESP8266_SendCmd                          0x08005de9   Thumb Code    76  esp8266.o(.text)
    ESP8266_SendData                         0x08005e35   Thumb Code    46  esp8266.o(.text)
    ESP8266_GetIPD                           0x08005e63   Thumb Code    66  esp8266.o(.text)
    ESP8266_Init                             0x08005ea5   Thumb Code   274  esp8266.o(.text)
    USART2_IRQHandler                        0x08005fb7   Thumb Code    62  esp8266.o(.text)
    cJSON_GetErrorPtr                        0x0800613d   Thumb Code     6  cjson.o(.text)
    cJSON_InitHooks                          0x080061b7   Thumb Code    48  cjson.o(.text)
    cJSON_Delete                             0x08006201   Thumb Code    82  cjson.o(.text)
    cJSON_ParseWithOpts                      0x08006d6d   Thumb Code   152  cjson.o(.text)
    cJSON_Parse                              0x08006e05   Thumb Code    16  cjson.o(.text)
    cJSON_Print                              0x08007595   Thumb Code    18  cjson.o(.text)
    cJSON_PrintUnformatted                   0x080075a7   Thumb Code    18  cjson.o(.text)
    cJSON_PrintBuffered                      0x080075b9   Thumb Code    52  cjson.o(.text)
    cJSON_GetArraySize                       0x080075ed   Thumb Code    18  cjson.o(.text)
    cJSON_GetArrayItem                       0x080075ff   Thumb Code    18  cjson.o(.text)
    cJSON_GetObjectItem                      0x08007611   Thumb Code    30  cjson.o(.text)
    cJSON_AddItemToArray                     0x08007665   Thumb Code    42  cjson.o(.text)
    cJSON_AddItemToObject                    0x0800768f   Thumb Code    44  cjson.o(.text)
    cJSON_AddItemToObjectCS                  0x080076bb   Thumb Code    54  cjson.o(.text)
    cJSON_AddItemReferenceToArray            0x080076f1   Thumb Code    24  cjson.o(.text)
    cJSON_AddItemReferenceToObject           0x08007709   Thumb Code    32  cjson.o(.text)
    cJSON_DetachItemFromArray                0x08007729   Thumb Code    66  cjson.o(.text)
    cJSON_DeleteItemFromArray                0x0800776b   Thumb Code    22  cjson.o(.text)
    cJSON_DetachItemFromObject               0x08007781   Thumb Code    50  cjson.o(.text)
    cJSON_DeleteItemFromObject               0x080077b3   Thumb Code    22  cjson.o(.text)
    cJSON_InsertItemInArray                  0x080077c9   Thumb Code    64  cjson.o(.text)
    cJSON_ReplaceItemInArray                 0x08007809   Thumb Code    76  cjson.o(.text)
    cJSON_ReplaceItemInObject                0x08007855   Thumb Code    62  cjson.o(.text)
    cJSON_CreateNull                         0x08007893   Thumb Code    18  cjson.o(.text)
    cJSON_CreateTrue                         0x080078a5   Thumb Code    18  cjson.o(.text)
    cJSON_CreateFalse                        0x080078b7   Thumb Code    18  cjson.o(.text)
    cJSON_CreateBool                         0x080078c9   Thumb Code    26  cjson.o(.text)
    cJSON_CreateNumber                       0x080078e3   Thumb Code    36  cjson.o(.text)
    cJSON_CreateString                       0x08007907   Thumb Code    28  cjson.o(.text)
    cJSON_CreateArray                        0x08007923   Thumb Code    18  cjson.o(.text)
    cJSON_CreateObject                       0x08007935   Thumb Code    18  cjson.o(.text)
    cJSON_CreateIntArray                     0x08007947   Thumb Code    68  cjson.o(.text)
    cJSON_CreateFloatArray                   0x0800798b   Thumb Code    68  cjson.o(.text)
    cJSON_CreateDoubleArray                  0x080079cf   Thumb Code    68  cjson.o(.text)
    cJSON_CreateStringArray                  0x08007a13   Thumb Code    62  cjson.o(.text)
    cJSON_Duplicate                          0x08007a51   Thumb Code   178  cjson.o(.text)
    cJSON_Minify                             0x08007b03   Thumb Code   186  cjson.o(.text)
    tolower                                  0x08007bbd   Thumb Code    12  tolower.o(.text)
    rand                                     0x08007bc9   Thumb Code    20  rand.o(.text)
    srand                                    0x08007bdd   Thumb Code     6  rand.o(.text)
    __aeabi_memcpy                           0x08007bed   Thumb Code    36  memcpya.o(.text)
    __aeabi_memcpy4                          0x08007bed   Thumb Code     0  memcpya.o(.text)
    __aeabi_memcpy8                          0x08007bed   Thumb Code     0  memcpya.o(.text)
    __aeabi_memset                           0x08007c11   Thumb Code    14  memseta.o(.text)
    __aeabi_memset4                          0x08007c11   Thumb Code     0  memseta.o(.text)
    __aeabi_memset8                          0x08007c11   Thumb Code     0  memseta.o(.text)
    __aeabi_memclr                           0x08007c1f   Thumb Code     4  memseta.o(.text)
    __aeabi_memclr4                          0x08007c1f   Thumb Code     0  memseta.o(.text)
    __aeabi_memclr8                          0x08007c1f   Thumb Code     0  memseta.o(.text)
    _memset$wrapper                          0x08007c23   Thumb Code    18  memseta.o(.text)
    strstr                                   0x08007c35   Thumb Code    36  strstr.o(.text)
    strchr                                   0x08007c59   Thumb Code    20  strchr.o(.text)
    strlen                                   0x08007c6d   Thumb Code    14  strlen.o(.text)
    strncat                                  0x08007c7b   Thumb Code    40  strncat.o(.text)
    strcpy                                   0x08007ca3   Thumb Code    18  strcpy.o(.text)
    strncmp                                  0x08007cb5   Thumb Code    30  strncmp.o(.text)
    atoi                                     0x08007cd3   Thumb Code    26  atoi.o(.text)
    __aeabi_fmul                             0x08007ced   Thumb Code   100  fmul.o(.text)
    __aeabi_fdiv                             0x08007d51   Thumb Code   124  fdiv.o(.text)
    __aeabi_dadd                             0x08007dcd   Thumb Code   322  dadd.o(.text)
    __aeabi_dsub                             0x08007f0f   Thumb Code     6  dadd.o(.text)
    __aeabi_drsub                            0x08007f15   Thumb Code     6  dadd.o(.text)
    __aeabi_dmul                             0x08007f1b   Thumb Code   228  dmul.o(.text)
    __aeabi_ddiv                             0x08007fff   Thumb Code   222  ddiv.o(.text)
    __aeabi_ui2f                             0x080080dd   Thumb Code    10  ffltui.o(.text)
    __aeabi_i2d                              0x080080e7   Thumb Code    34  dflti.o(.text)
    __aeabi_d2iz                             0x08008109   Thumb Code    62  dfixi.o(.text)
    __aeabi_f2d                              0x08008147   Thumb Code    38  f2d.o(.text)
    __aeabi_cdcmpeq                          0x0800816d   Thumb Code     0  cdcmple.o(.text)
    __aeabi_cdcmple                          0x0800816d   Thumb Code    48  cdcmple.o(.text)
    __aeabi_cdrcmple                         0x0800819d   Thumb Code    48  cdrcmple.o(.text)
    __aeabi_uidiv                            0x080081cd   Thumb Code     0  uidiv.o(.text)
    __aeabi_uidivmod                         0x080081cd   Thumb Code    44  uidiv.o(.text)
    __aeabi_uldivmod                         0x080081f9   Thumb Code    98  uldiv.o(.text)
    __aeabi_llsl                             0x0800825b   Thumb Code    30  llshl.o(.text)
    _ll_shift_l                              0x0800825b   Thumb Code     0  llshl.o(.text)
    __aeabi_llsr                             0x08008279   Thumb Code    32  llushr.o(.text)
    _ll_ushift_r                             0x08008279   Thumb Code     0  llushr.o(.text)
    __aeabi_lasr                             0x08008299   Thumb Code    36  llsshr.o(.text)
    _ll_sshift_r                             0x08008299   Thumb Code     0  llsshr.o(.text)
    strtol                                   0x080082bd   Thumb Code   112  strtol.o(.text)
    __I$use$fp                               0x0800832d   Thumb Code     0  iusefp.o(.text)
    _float_round                             0x0800832d   Thumb Code    18  fepilogue.o(.text)
    _float_epilogue                          0x0800833f   Thumb Code    92  fepilogue.o(.text)
    _double_round                            0x0800839b   Thumb Code    30  depilogue.o(.text)
    _double_epilogue                         0x080083b9   Thumb Code   156  depilogue.o(.text)
    __ARM_scalbn                             0x08008455   Thumb Code    46  dscalb.o(.text)
    scalbn                                   0x08008455   Thumb Code     0  dscalb.o(.text)
    __aeabi_d2ulz                            0x08008483   Thumb Code    48  dfixul.o(.text)
    __scatterload                            0x080084b5   Thumb Code    28  init.o(.text)
    __scatterload_rt2                        0x080084b5   Thumb Code     0  init.o(.text)
    __rt_ctype_table                         0x080084d9   Thumb Code     4  ctype_o.o(.text)
    _strtoul                                 0x080084e1   Thumb Code   158  _strtoul.o(.text)
    _dsqrt                                   0x0800857f   Thumb Code   162  dsqrt.o(.text)
    _chval                                   0x08008621   Thumb Code    28  _chval.o(.text)
    __decompress                             0x0800863d   Thumb Code     0  __dczerorl2.o(.text)
    __decompress1                            0x0800863d   Thumb Code    86  __dczerorl2.o(.text)
    __0printf                                0x08008695   Thumb Code    22  printfa.o(i.__0printf)
    __1printf                                0x08008695   Thumb Code     0  printfa.o(i.__0printf)
    __2printf                                0x08008695   Thumb Code     0  printfa.o(i.__0printf)
    __c89printf                              0x08008695   Thumb Code     0  printfa.o(i.__0printf)
    printf                                   0x08008695   Thumb Code     0  printfa.o(i.__0printf)
    __0sprintf                               0x080086b5   Thumb Code    34  printfa.o(i.__0sprintf)
    __1sprintf                               0x080086b5   Thumb Code     0  printfa.o(i.__0sprintf)
    __2sprintf                               0x080086b5   Thumb Code     0  printfa.o(i.__0sprintf)
    __c89sprintf                             0x080086b5   Thumb Code     0  printfa.o(i.__0sprintf)
    sprintf                                  0x080086b5   Thumb Code     0  printfa.o(i.__0sprintf)
    __0vsnprintf                             0x080086dd   Thumb Code    40  printfa.o(i.__0vsnprintf)
    __1vsnprintf                             0x080086dd   Thumb Code     0  printfa.o(i.__0vsnprintf)
    __2vsnprintf                             0x080086dd   Thumb Code     0  printfa.o(i.__0vsnprintf)
    __c89vsnprintf                           0x080086dd   Thumb Code     0  printfa.o(i.__0vsnprintf)
    vsnprintf                                0x080086dd   Thumb Code     0  printfa.o(i.__0vsnprintf)
    __0vsprintf                              0x08008709   Thumb Code    30  printfa.o(i.__0vsprintf)
    __1vsprintf                              0x08008709   Thumb Code     0  printfa.o(i.__0vsprintf)
    __2vsprintf                              0x08008709   Thumb Code     0  printfa.o(i.__0vsprintf)
    __c89vsprintf                            0x08008709   Thumb Code     0  printfa.o(i.__0vsprintf)
    vsprintf                                 0x08008709   Thumb Code     0  printfa.o(i.__0vsprintf)
    __ARM_fpclassify                         0x0800872d   Thumb Code    40  fpclassify.o(i.__ARM_fpclassify)
    __aeabi_errno_addr                       0x08008755   Thumb Code     4  errno.o(i.__aeabi_errno_addr)
    __rt_errno_addr                          0x08008755   Thumb Code     0  errno.o(i.__aeabi_errno_addr)
    __kernel_poly                            0x0800875d   Thumb Code   170  poly.o(i.__kernel_poly)
    __mathlib_dbl_divzero                    0x08008809   Thumb Code    12  dunder.o(i.__mathlib_dbl_divzero)
    __mathlib_dbl_infnan2                    0x08008819   Thumb Code     4  dunder.o(i.__mathlib_dbl_infnan2)
    __mathlib_dbl_invalid                    0x0800881d   Thumb Code    12  dunder.o(i.__mathlib_dbl_invalid)
    __mathlib_dbl_overflow                   0x08008829   Thumb Code    14  dunder.o(i.__mathlib_dbl_overflow)
    __mathlib_dbl_underflow                  0x08008839   Thumb Code    10  dunder.o(i.__mathlib_dbl_underflow)
    __scatterload_copy                       0x08008849   Thumb Code    14  handlers.o(i.__scatterload_copy)
    __scatterload_null                       0x08008857   Thumb Code     2  handlers.o(i.__scatterload_null)
    __scatterload_zeroinit                   0x08008859   Thumb Code    14  handlers.o(i.__scatterload_zeroinit)
    __set_errno                              0x08008869   Thumb Code     6  errno.o(i.__set_errno)
    floor                                    0x08009149   Thumb Code   204  floor.o(i.floor)
    free                                     0x08009225   Thumb Code    76  malloc.o(i.free)
    malloc                                   0x08009275   Thumb Code    92  malloc.o(i.malloc)
    pow                                      0x080092e1   Thumb Code  2512  pow.o(i.pow)
    sqrt                                     0x08009cb9   Thumb Code    76  sqrt.o(i.sqrt)
    devPubTopic                              0x08009d04   Data          17  main.o(.constdata)
    asc2_1206                                0x08009d15   Data        1140  oled.o(.constdata)
    asc2_1608                                0x0800a189   Data        1520  oled.o(.constdata)
    asc2_2412                                0x0800a779   Data        3420  oled.o(.constdata)
    __mathlib_zero                           0x0800b568   Data           8  qnan.o(.constdata)
    __ctype_table                            0x0800b570   Data         129  ctype_o.o(.constdata)
    Region$$Table$$Base                      0x0800b650   Number         0  anon$$obj.o(Region$$Table)
    Region$$Table$$Limit                     0x0800b670   Number         0  anon$$obj.o(Region$$Table)
    Sw_Flag                                  0x20000000   Data           1  main.o(.data)
    humidityH                                0x20000001   Data           1  main.o(.data)
    humidityL                                0x20000002   Data           1  main.o(.data)
    temperatureH                             0x20000003   Data           1  main.o(.data)
    temperatureL                             0x20000004   Data           1  main.o(.data)
    alarmFlag                                0x20000005   Data           1  main.o(.data)
    LD_BUF                                   0x20000006   Data           1  main.o(.data)
    light                                    0x20000008   Data           4  main.o(.data)
    Led_status                               0x2000000c   Data           1  main.o(.data)
    Fs_status                                0x2000000d   Data           1  main.o(.data)
    key_num                                  0x2000000e   Data           1  main.o(.data)
    Qt_status                                0x2000000f   Data           1  main.o(.data)
    Hw_status                                0x20000010   Data           1  main.o(.data)
    Admin_Flag                               0x20000011   Data           1  main.o(.data)
    ValidN                                   0x20000012   Data           2  main.o(.data)
    ID                                       0x20000014   Data           2  main.o(.data)
    YY_flag                                  0x20000016   Data           1  main.o(.data)
    Zf_Flag                                  0x20000017   Data           1  main.o(.data)
    indexCount                               0x20000018   Data           1  main.o(.data)
    devSubTopic                              0x2000001c   Data           4  main.o(.data)
    SystemCoreClock                          0x20000020   Data           4  system_stm32f10x.o(.data)
    AHBPrescTable                            0x20000024   Data          16  system_stm32f10x.o(.data)
    Hzk1                                     0x20000035   Data         352  oled.o(.data)
    Hzk2                                     0x20000195   Data         216  oled.o(.data)
    Hzk3                                     0x2000026d   Data         512  oled.o(.data)
    Hzk4                                     0x2000046d   Data        4096  oled.o(.data)
    LB301Addr                                0x20001470   Data           4  lb301.o(.data)
    __stdout                                 0x20001478   Data           4  usart.o(.data)
    USART3_RX_STA                            0x2000147c   Data           2  usart.o(.data)
    esp8266_cnt                              0x20001494   Data           2  esp8266.o(.data)
    esp8266_cntPre                           0x20001496   Data           2  esp8266.o(.data)
    __microlib_freelist                      0x200014a8   Data           4  mvars.o(.data)
    __microlib_freelist_initialised          0x200014ac   Data           4  mvars.o(.data)
    Pub_Buff                                 0x200014b4   Data         256  main.o(.bss)
    LB301Para                                0x200015b4   Data          12  main.o(.bss)
    OLED_GRAM                                0x200015c0   Data        1152  oled.o(.bss)
    USART3_RX_BUF                            0x20001a80   Data         400  usart.o(.bss)
    USART3_TX_BUF                            0x20001c10   Data         400  usart.o(.bss)
    oledBuf                                  0x20001da0   Data          20  timer.o(.bss)
    esp8266_buf                              0x20001db4   Data         128  esp8266.o(.bss)
    __heap_base                              0x20001e38   Data           0  startup_stm32f10x_hd.o(HEAP)
    __heap_limit                             0x20002038   Data           0  startup_stm32f10x_hd.o(HEAP)
    __initial_sp                             0x20002438   Data           0  startup_stm32f10x_hd.o(STACK)



==============================================================================

Memory Map of the image

  Image Entry point : 0x08000131

  Load Region LR_IROM1 (Base: 0x08000000, Size: 0x0000cb24, Max: 0x00040000, ABSOLUTE, COMPRESSED[0x0000b85c])

    Execution Region ER_IROM1 (Exec base: 0x08000000, Load base: 0x08000000, Size: 0x0000b670, Max: 0x00040000, ABSOLUTE)

    Exec Addr    Load Addr    Size         Type   Attr      Idx    E Section Name        Object

    0x08000000   0x08000000   0x00000130   Data   RO          484    RESET               startup_stm32f10x_hd.o
    0x08000130   0x08000130   0x00000000   Code   RO          661  * .ARM.Collect$$$$00000000  mc_w.l(entry.o)
    0x08000130   0x08000130   0x00000004   Code   RO         1027    .ARM.Collect$$$$00000001  mc_w.l(entry2.o)
    0x08000134   0x08000134   0x00000004   Code   RO         1030    .ARM.Collect$$$$00000004  mc_w.l(entry5.o)
    0x08000138   0x08000138   0x00000000   Code   RO         1032    .ARM.Collect$$$$00000008  mc_w.l(entry7b.o)
    0x08000138   0x08000138   0x00000000   Code   RO         1034    .ARM.Collect$$$$0000000A  mc_w.l(entry8b.o)
    0x08000138   0x08000138   0x00000008   Code   RO         1035    .ARM.Collect$$$$0000000B  mc_w.l(entry9a.o)
    0x08000140   0x08000140   0x00000000   Code   RO         1037    .ARM.Collect$$$$0000000D  mc_w.l(entry10a.o)
    0x08000140   0x08000140   0x00000000   Code   RO         1039    .ARM.Collect$$$$0000000F  mc_w.l(entry11a.o)
    0x08000140   0x08000140   0x00000004   Code   RO         1028    .ARM.Collect$$$$00002712  mc_w.l(entry2.o)
    0x08000144   0x08000144   0x0000059c   Code   RO            1    .text               main.o
    0x080006e0   0x080006e0   0x0000001a   Code   RO          171    .text               stm32f10x_it.o
    0x080006fa   0x080006fa   0x00000002   PAD
    0x080006fc   0x080006fc   0x000001e0   Code   RO          212    .text               system_stm32f10x.o
    0x080008dc   0x080008dc   0x00000050   Code   RO          230    .text               led.o
    0x0800092c   0x0800092c   0x000001b8   Code   RO          242    .text               dht11.o
    0x08000ae4   0x08000ae4   0x00000038   Code   RO          254    .text               beep.o
    0x08000b1c   0x08000b1c   0x00000278   Code   RO          266    .text               bh1750.o
    0x08000d94   0x08000d94   0x000000e4   Code   RO          278    .text               key.o
    0x08000e78   0x08000e78   0x000008ca   Code   RO          291    .text               oled.o
    0x08001742   0x08001742   0x00000002   PAD
    0x08001744   0x08001744   0x00000a78   Code   RO          317    .text               lb301.o
    0x080021bc   0x080021bc   0x00000038   Code   RO          339    .text               pwm.o
    0x080021f4   0x080021f4   0x0000026c   Code   RO          351    .text               motor.o
    0x08002460   0x08002460   0x000000d4   Code   RO          363    .text               delay.o
    0x08002534   0x08002534   0x000003f4   Code   RO          394    .text               usart.o
    0x08002928   0x08002928   0x000002a0   Code   RO          427    .text               timer.o
    0x08002bc8   0x08002bc8   0x0000011c   Code   RO          447    .text               stm32f10x_exti.o
    0x08002ce4   0x08002ce4   0x00000140   Code   RO          459    .text               exti.o
    0x08002e24   0x08002e24   0x00000024   Code   RO          485    .text               startup_stm32f10x_hd.o
    0x08002e48   0x08002e48   0x0000035c   Code   RO          489    .text               stm32f10x_gpio.o
    0x080031a4   0x080031a4   0x000003a4   Code   RO          501    .text               stm32f10x_rcc.o
    0x08003548   0x08003548   0x00000408   Code   RO          515    .text               stm32f10x_usart.o
    0x08003950   0x08003950   0x000000dc   Code   RO          527    .text               misc.o
    0x08003a2c   0x08003a2c   0x00000e1a   Code   RO          539    .text               stm32f10x_tim.o
    0x08004846   0x08004846   0x00000002   PAD
    0x08004848   0x08004848   0x00000dfc   Code   RO          551    .text               mqttkit.o
    0x08005644   0x08005644   0x00000768   Code   RO          579    .text               onenet.o
    0x08005dac   0x08005dac   0x00000390   Code   RO          599    .text               esp8266.o
    0x0800613c   0x0800613c   0x00001a80   Code   RO          615    .text               cjson.o
    0x08007bbc   0x08007bbc   0x0000000c   Code   RO          664    .text               mc_w.l(tolower.o)
    0x08007bc8   0x08007bc8   0x00000024   Code   RO          666    .text               mc_w.l(rand.o)
    0x08007bec   0x08007bec   0x00000024   Code   RO          669    .text               mc_w.l(memcpya.o)
    0x08007c10   0x08007c10   0x00000024   Code   RO          671    .text               mc_w.l(memseta.o)
    0x08007c34   0x08007c34   0x00000024   Code   RO          673    .text               mc_w.l(strstr.o)
    0x08007c58   0x08007c58   0x00000014   Code   RO          675    .text               mc_w.l(strchr.o)
    0x08007c6c   0x08007c6c   0x0000000e   Code   RO          677    .text               mc_w.l(strlen.o)
    0x08007c7a   0x08007c7a   0x00000028   Code   RO          679    .text               mc_w.l(strncat.o)
    0x08007ca2   0x08007ca2   0x00000012   Code   RO          681    .text               mc_w.l(strcpy.o)
    0x08007cb4   0x08007cb4   0x0000001e   Code   RO          683    .text               mc_w.l(strncmp.o)
    0x08007cd2   0x08007cd2   0x0000001a   Code   RO          976    .text               mc_w.l(atoi.o)
    0x08007cec   0x08007cec   0x00000064   Code   RO          978    .text               mf_w.l(fmul.o)
    0x08007d50   0x08007d50   0x0000007c   Code   RO          980    .text               mf_w.l(fdiv.o)
    0x08007dcc   0x08007dcc   0x0000014e   Code   RO          982    .text               mf_w.l(dadd.o)
    0x08007f1a   0x08007f1a   0x000000e4   Code   RO          984    .text               mf_w.l(dmul.o)
    0x08007ffe   0x08007ffe   0x000000de   Code   RO          986    .text               mf_w.l(ddiv.o)
    0x080080dc   0x080080dc   0x0000000a   Code   RO          988    .text               mf_w.l(ffltui.o)
    0x080080e6   0x080080e6   0x00000022   Code   RO          990    .text               mf_w.l(dflti.o)
    0x08008108   0x08008108   0x0000003e   Code   RO          992    .text               mf_w.l(dfixi.o)
    0x08008146   0x08008146   0x00000026   Code   RO          994    .text               mf_w.l(f2d.o)
    0x0800816c   0x0800816c   0x00000030   Code   RO          996    .text               mf_w.l(cdcmple.o)
    0x0800819c   0x0800819c   0x00000030   Code   RO          998    .text               mf_w.l(cdrcmple.o)
    0x080081cc   0x080081cc   0x0000002c   Code   RO         1041    .text               mc_w.l(uidiv.o)
    0x080081f8   0x080081f8   0x00000062   Code   RO         1043    .text               mc_w.l(uldiv.o)
    0x0800825a   0x0800825a   0x0000001e   Code   RO         1045    .text               mc_w.l(llshl.o)
    0x08008278   0x08008278   0x00000020   Code   RO         1047    .text               mc_w.l(llushr.o)
    0x08008298   0x08008298   0x00000024   Code   RO         1049    .text               mc_w.l(llsshr.o)
    0x080082bc   0x080082bc   0x00000070   Code   RO         1060    .text               mc_w.l(strtol.o)
    0x0800832c   0x0800832c   0x00000000   Code   RO         1062    .text               mc_w.l(iusefp.o)
    0x0800832c   0x0800832c   0x0000006e   Code   RO         1063    .text               mf_w.l(fepilogue.o)
    0x0800839a   0x0800839a   0x000000ba   Code   RO         1065    .text               mf_w.l(depilogue.o)
    0x08008454   0x08008454   0x0000002e   Code   RO         1067    .text               mf_w.l(dscalb.o)
    0x08008482   0x08008482   0x00000030   Code   RO         1069    .text               mf_w.l(dfixul.o)
    0x080084b2   0x080084b2   0x00000002   PAD
    0x080084b4   0x080084b4   0x00000024   Code   RO         1071    .text               mc_w.l(init.o)
    0x080084d8   0x080084d8   0x00000008   Code   RO         1073    .text               mc_w.l(ctype_o.o)
    0x080084e0   0x080084e0   0x0000009e   Code   RO         1101    .text               mc_w.l(_strtoul.o)
    0x0800857e   0x0800857e   0x000000a2   Code   RO         1103    .text               mf_w.l(dsqrt.o)
    0x08008620   0x08008620   0x0000001c   Code   RO         1105    .text               mc_w.l(_chval.o)
    0x0800863c   0x0800863c   0x00000056   Code   RO         1115    .text               mc_w.l(__dczerorl2.o)
    0x08008692   0x08008692   0x00000002   PAD
    0x08008694   0x08008694   0x00000020   Code   RO          920    i.__0printf         mc_w.l(printfa.o)
    0x080086b4   0x080086b4   0x00000028   Code   RO          922    i.__0sprintf        mc_w.l(printfa.o)
    0x080086dc   0x080086dc   0x0000002c   Code   RO          925    i.__0vsnprintf      mc_w.l(printfa.o)
    0x08008708   0x08008708   0x00000024   Code   RO          926    i.__0vsprintf       mc_w.l(printfa.o)
    0x0800872c   0x0800872c   0x00000028   Code   RO         1014    i.__ARM_fpclassify  m_ws.l(fpclassify.o)
    0x08008754   0x08008754   0x00000008   Code   RO         1053    i.__aeabi_errno_addr  mc_w.l(errno.o)
    0x0800875c   0x0800875c   0x000000aa   Code   RO         1016    i.__kernel_poly     m_ws.l(poly.o)
    0x08008806   0x08008806   0x00000002   PAD
    0x08008808   0x08008808   0x00000010   Code   RO         1000    i.__mathlib_dbl_divzero  m_ws.l(dunder.o)
    0x08008818   0x08008818   0x00000004   Code   RO         1002    i.__mathlib_dbl_infnan2  m_ws.l(dunder.o)
    0x0800881c   0x0800881c   0x0000000c   Code   RO         1003    i.__mathlib_dbl_invalid  m_ws.l(dunder.o)
    0x08008828   0x08008828   0x0000000e   Code   RO         1004    i.__mathlib_dbl_overflow  m_ws.l(dunder.o)
    0x08008836   0x08008836   0x00000002   PAD
    0x08008838   0x08008838   0x00000010   Code   RO         1006    i.__mathlib_dbl_underflow  m_ws.l(dunder.o)
    0x08008848   0x08008848   0x0000000e   Code   RO         1109    i.__scatterload_copy  mc_w.l(handlers.o)
    0x08008856   0x08008856   0x00000002   Code   RO         1110    i.__scatterload_null  mc_w.l(handlers.o)
    0x08008858   0x08008858   0x0000000e   Code   RO         1111    i.__scatterload_zeroinit  mc_w.l(handlers.o)
    0x08008866   0x08008866   0x00000002   PAD
    0x08008868   0x08008868   0x0000000c   Code   RO         1055    i.__set_errno       mc_w.l(errno.o)
    0x08008874   0x08008874   0x00000184   Code   RO          927    i._fp_digits        mc_w.l(printfa.o)
    0x080089f8   0x080089f8   0x000006dc   Code   RO          928    i._printf_core      mc_w.l(printfa.o)
    0x080090d4   0x080090d4   0x00000024   Code   RO          929    i._printf_post_padding  mc_w.l(printfa.o)
    0x080090f8   0x080090f8   0x0000002e   Code   RO          930    i._printf_pre_padding  mc_w.l(printfa.o)
    0x08009126   0x08009126   0x00000016   Code   RO          931    i._snputc           mc_w.l(printfa.o)
    0x0800913c   0x0800913c   0x0000000a   Code   RO          932    i._sputc            mc_w.l(printfa.o)
    0x08009146   0x08009146   0x00000002   PAD
    0x08009148   0x08009148   0x000000dc   Code   RO          648    i.floor             m_ws.l(floor.o)
    0x08009224   0x08009224   0x00000050   Code   RO          948    i.free              mc_w.l(malloc.o)
    0x08009274   0x08009274   0x0000006c   Code   RO          949    i.malloc            mc_w.l(malloc.o)
    0x080092e0   0x080092e0   0x000009d8   Code   RO          652    i.pow               m_ws.l(pow.o)
    0x08009cb8   0x08009cb8   0x0000004c   Code   RO         1020    i.sqrt              m_ws.l(sqrt.o)
    0x08009d04   0x08009d04   0x00000011   Data   RO            3    .constdata          main.o
    0x08009d15   0x08009d15   0x000017c0   Data   RO          293    .constdata          oled.o
    0x0800b4d5   0x0800b4d5   0x00000007   Data   RO          616    .constdata          cjson.o
    0x0800b4dc   0x0800b4dc   0x00000004   PAD
    0x0800b4e0   0x0800b4e0   0x00000088   Data   RO          653    .constdata          m_ws.l(pow.o)
    0x0800b568   0x0800b568   0x00000008   Data   RO         1018    .constdata          m_ws.l(qnan.o)
    0x0800b570   0x0800b570   0x00000081   Data   RO         1074    .constdata          mc_w.l(ctype_o.o)
    0x0800b5f1   0x0800b5f1   0x00000003   PAD
    0x0800b5f4   0x0800b5f4   0x00000004   Data   RO         1075    .constdata          mc_w.l(ctype_o.o)
    0x0800b5f8   0x0800b5f8   0x00000058   Data   RO            4    .conststring        main.o
    0x0800b650   0x0800b650   0x00000020   Data   RO         1107    Region$$Table       anon$$obj.o


    Execution Region RW_IRAM1 (Exec base: 0x20000000, Load base: 0x0800b670, Size: 0x00002438, Max: 0x0000c000, ABSOLUTE, COMPRESSED[0x000001ec])

    Exec Addr    Load Addr    Size         Type   Attr      Idx    E Section Name        Object

    0x20000000   COMPRESSED   0x00000020   Data   RW            5    .data               main.o
    0x20000020   COMPRESSED   0x00000014   Data   RW          213    .data               system_stm32f10x.o
    0x20000034   COMPRESSED   0x00000001   Data   RW          279    .data               key.o
    0x20000035   COMPRESSED   0x00001439   Data   RW          294    .data               oled.o
    0x2000146e   COMPRESSED   0x00000002   PAD
    0x20001470   COMPRESSED   0x00000004   Data   RW          318    .data               lb301.o
    0x20001474   COMPRESSED   0x00000004   Data   RW          364    .data               delay.o
    0x20001478   COMPRESSED   0x00000006   Data   RW          396    .data               usart.o
    0x2000147e   COMPRESSED   0x00000014   Data   RW          502    .data               stm32f10x_rcc.o
    0x20001492   COMPRESSED   0x00000002   Data   RW          580    .data               onenet.o
    0x20001494   COMPRESSED   0x00000004   Data   RW          601    .data               esp8266.o
    0x20001498   COMPRESSED   0x0000000c   Data   RW          617    .data               cjson.o
    0x200014a4   COMPRESSED   0x00000004   Data   RW          667    .data               mc_w.l(rand.o)
    0x200014a8   COMPRESSED   0x00000004   Data   RW         1051    .data               mc_w.l(mvars.o)
    0x200014ac   COMPRESSED   0x00000004   Data   RW         1052    .data               mc_w.l(mvars.o)
    0x200014b0   COMPRESSED   0x00000004   Data   RW         1056    .data               mc_w.l(errno.o)
    0x200014b4        -       0x0000010c   Zero   RW            2    .bss                main.o
    0x200015c0        -       0x000004c0   Zero   RW          292    .bss                oled.o
    0x20001a80        -       0x00000320   Zero   RW          395    .bss                usart.o
    0x20001da0        -       0x00000014   Zero   RW          428    .bss                timer.o
    0x20001db4        -       0x00000080   Zero   RW          600    .bss                esp8266.o
    0x20001e34   COMPRESSED   0x00000004   PAD
    0x20001e38        -       0x00000200   Zero   RW          483    HEAP                startup_stm32f10x_hd.o
    0x20002038        -       0x00000400   Zero   RW          482    STACK               startup_stm32f10x_hd.o


==============================================================================

Image component sizes


      Code (inc. data)   RO Data    RW Data    ZI Data      Debug   Object Name

        56          6          0          0          0        448   beep.o
       632         10          0          0          0       3148   bh1750.o
      6784        208          7         12          0      24088   cjson.o
       212         18          0          4          0        959   delay.o
       440         14          0          0          0       2182   dht11.o
       912        328          0          4        128       3015   esp8266.o
       320         18          0          0          0       1034   exti.o
       228         26          0          1          0        796   key.o
      2680        944          0          4          0       6809   lb301.o
        80          8          0          0          0        455   led.o
      1436        262        105         32        268     258913   main.o
       220         22          0          0          0       1721   misc.o
       620         18          0          0          0       1314   motor.o
      3580         42          0          0          0      15043   mqttkit.o
      2250         76       6080       5177       1216       8696   oled.o
      1896        876          0          2          0       5993   onenet.o
        56          6          0          0          0        442   pwm.o
        36          8        304          0       1536        752   startup_stm32f10x_hd.o
       284         10          0          0          0       2175   stm32f10x_exti.o
       860         38          0          0          0       5653   stm32f10x_gpio.o
        26          0          0          0          0       1138   stm32f10x_it.o
       932         36          0         20          0       8788   stm32f10x_rcc.o
      3610         88          0          0          0      22760   stm32f10x_tim.o
      1032         22          0          0          0       8376   stm32f10x_usart.o
         0          0          0          0          0         32   sys.o
       480         38          0         20          0       1619   system_stm32f10x.o
       672        124          0          0         20       2817   timer.o
      1012         58          0          6        800       5988   usart.o

    ----------------------------------------------------------------------
     31352       3304       6532       5284       3972     395154   Object Totals
         0          0         32          0          0          0   (incl. Generated)
         6          0          4          2          4          0   (incl. Padding)

    ----------------------------------------------------------------------

      Code (inc. data)   RO Data    RW Data    ZI Data      Debug   Library Member Name

        62         10          0          0          0        340   dunder.o
       220         16          0          0          0         84   floor.o
        40          0          0          0          0         68   fpclassify.o
       170          0          0          0          0         96   poly.o
      2520        190        136          0          0        324   pow.o
         0          0          8          0          0          0   qnan.o
        76          0          0          0          0         84   sqrt.o
        86          0          0          0          0          0   __dczerorl2.o
        28          0          0          0          0         68   _chval.o
       158          0          0          0          0         92   _strtoul.o
        26          0          0          0          0         80   atoi.o
         8          4        133          0          0         68   ctype_o.o
         0          0          0          0          0          0   entry.o
         0          0          0          0          0          0   entry10a.o
         0          0          0          0          0          0   entry11a.o
         8          4          0          0          0          0   entry2.o
         4          0          0          0          0          0   entry5.o
         0          0          0          0          0          0   entry7b.o
         0          0          0          0          0          0   entry8b.o
         8          4          0          0          0          0   entry9a.o
        20         10          0          4          0        136   errno.o
        30          0          0          0          0          0   handlers.o
        36          8          0          0          0         68   init.o
         0          0          0          0          0          0   iusefp.o
        30          0          0          0          0         68   llshl.o
        36          0          0          0          0         68   llsshr.o
        32          0          0          0          0         68   llushr.o
       188         20          0          0          0        160   malloc.o
        36          0          0          0          0         68   memcpya.o
        36          0          0          0          0        108   memseta.o
         0          0          0          8          0          0   mvars.o
      2410        106          0          0          0        832   printfa.o
        36         10          0          4          0        136   rand.o
        20          0          0          0          0         68   strchr.o
        18          0          0          0          0         68   strcpy.o
        14          0          0          0          0         68   strlen.o
        40          0          0          0          0         76   strncat.o
        30          0          0          0          0         80   strncmp.o
        36          0          0          0          0         80   strstr.o
       112          0          0          0          0         88   strtol.o
        12          0          0          0          0         68   tolower.o
        44          0          0          0          0         80   uidiv.o
        98          0          0          0          0         92   uldiv.o
        48          0          0          0          0         68   cdcmple.o
        48          0          0          0          0         68   cdrcmple.o
       334          0          0          0          0        148   dadd.o
       222          0          0          0          0        100   ddiv.o
       186          0          0          0          0        176   depilogue.o
        62          0          0          0          0         80   dfixi.o
        48          0          0          0          0         68   dfixul.o
        34          0          0          0          0         76   dflti.o
       228          0          0          0          0         96   dmul.o
        46          0          0          0          0         80   dscalb.o
       162          0          0          0          0        100   dsqrt.o
        38          0          0          0          0         68   f2d.o
       124          0          0          0          0         88   fdiv.o
       110          0          0          0          0        168   fepilogue.o
        10          0          0          0          0         68   ffltui.o
       100          0          0          0          0         76   fmul.o

    ----------------------------------------------------------------------
      8540        382        280         16          0       5312   Library Totals
        12          0          3          0          0          0   (incl. Padding)

    ----------------------------------------------------------------------

      Code (inc. data)   RO Data    RW Data    ZI Data      Debug   Library Name

      3088        216        144          0          0        996   m_ws.l
      3640        166        133         16          0       2788   mc_w.l
      1800          0          0          0          0       1528   mf_w.l

    ----------------------------------------------------------------------
      8540        382        280         16          0       5312   Library Totals

    ----------------------------------------------------------------------

==============================================================================


      Code (inc. data)   RO Data    RW Data    ZI Data      Debug   

     39892       3686       6812       5300       3972     395498   Grand Totals
     39892       3686       6812        492       3972     395498   ELF Image Totals (compressed)
     39892       3686       6812        492          0          0   ROM Totals

==============================================================================

    Total RO  Size (Code + RO Data)                46704 (  45.61kB)
    Total RW  Size (RW Data + ZI Data)              9272 (   9.05kB)
    Total ROM Size (Code + RO Data + RW Data)      47196 (  46.09kB)

==============================================================================

